List of basic linux commands:
- date
- cat
- rm,rmdir 
- top
- ls
- mkdir
- tee
- sudo
- ps
- grep
- sed
- awk
- ssh
- scp
- sftp
- netstat
- adduser
- chmod
- chown
- usermod
- wget
- curl
- git
- du
- df
- find
- man
- bluetoothctl
- systemctl
- shutdown now
- reboot
- head
- tail
- pstree
- echo
- printf
- dd
- less
- wc

